15:55:34 **** Incremental Build of configuration Debug for project Bai2_GPIO ****
make -j12 all 
arm-none-eabi-gcc "../Core/Src/main.c" -mcpu=cortex-m3 -std=gnu11 -g3 -DDEBUG -DUSE_HAL_DRIVER -DSTM32F103xB -c -I../Core/Inc -I../Drivers/STM32F1xx_HAL_Driver/Inc/Legacy -I../Drivers/STM32F1xx_HAL_Driver/Inc -I../Drivers/CMSIS/Device/ST/STM32F1xx/Include -I../Drivers/CMSIS/Include -O0 -ffunction-sections -fdata-sections -Wall -fstack-usage -fcyclomatic-complexity -MMD -MP -MF"Core/Src/main.d" -MT"Core/Src/main.o" --specs=nano.specs -mfloat-abi=soft -mthumb -o "Core/Src/main.o"
arm-none-eabi-gcc -o "Bai2_GPIO.elf" @"objects.list"   -mcpu=cortex-m3 -T"C:\Users\admin\Documents\Workspace Folder\MyProject\LearnSTM32\Yellow\Bai2_GPIO\STM32F103C8TX_FLASH.ld" --specs=nosys.specs -Wl,-Map="Bai2_GPIO.map" -Wl,--gc-sections -static --specs=nano.specs -mfloat-abi=soft -mthumb -Wl,--start-group -lc -lm -Wl,--end-group
Finished building target: Bai2_GPIO.elf
 
arm-none-eabi-size  Bai2_GPIO.elf 
arm-none-eabi-objdump -h -S Bai2_GPIO.elf  > "Bai2_GPIO.list"
   text	   data	    bss	    dec	    hex	filename
   4476	     20	   1572	   6068	   17b4	Bai2_GPIO.elf
Finished building: default.size.stdout
 
Finished building: Bai2_GPIO.list
 

15:55:35 Build Finished. 0 errors, 0 warnings. (took 944ms)

